Microchip MPLAB XC8 Compiler V2.45

Linker command line:

-W-3 \
  --edf=C:\Program Files\Microchip\xc8\v2.45\pic\dat\20230818022343_en.msgs \
  -cn -h+dist/default/debug\TP3MI.X.debug.sym \
  --cmf=dist/default/debug\TP3MI.X.debug.cmf -z -Q18F25K80 \
  -oC:\Users\e6220706\AppData\Local\Temp\xcAso04.\driver_tmp_3.o \
  --defsym=__MPLAB_BUILD=1 --fixupoverflow=error \
  -Mdist/default/debug/TP3MI.X.debug.map \
  --md=C:\Users\e6220706\AppData\Local\Temp\xcAso04.\driver_tmp_0.dat -E1 \
  -ver=XC8 Compiler --acfsm=1493 -ACODE=00h-07FFFh -ACONST=00h-07FFFh \
  -ASMALLCONST=0F00h-0FFFhx113 -AMEDIUMCONST=0F00h-07FFFh -ACOMRAM=01h-05Fh \
  -AABS1=00h-0E40h -ABIGRAM=01h-0E40h \
  -ARAM=060h-0FFh,0100h-01FFhx13,0E00h-0E40h -ABANK0=060h-0FFh \
  -ABANK1=0100h-01FFh -ABANK2=0200h-02FFh -ABANK3=0300h-03FFh \
  -ABANK4=0400h-04FFh -ABANK5=0500h-05FFh -ABANK6=0600h-06FFh \
  -ABANK7=0700h-07FFh -ABANK8=0800h-08FFh -ABANK9=0900h-09FFh \
  -ABANK10=0A00h-0AFFh -ABANK11=0B00h-0BFFh -ABANK12=0C00h-0CFFh \
  -ABANK13=0D00h-0DFFh -ABANK14=0E00h-0E40h \
  -ASFR=0E41h-0EFFh,0F00h-0F5Fh,0F60h-0FFFh -ABIGSFR=0E41h-0FFFh \
  -ACONFIG=0300000h-030000Dh -AIDLOC=0200000h-0200007h \
  -AEEDATA=0F00000h-0F003FFh -peeprom_data=EEDATA \
  -preset_vec=00h,intcode=08h,intcodelo,powerup,init -pramtop=0F00h \
  -psmallconst=SMALLCONST -pmediumconst=MEDIUMCONST -pconst=CONST \
  -AFARRAM=00h-00h \
  -prdata=COMRAM,nvrram=COMRAM,nvbit=COMRAM,rbss=COMRAM,rbit=COMRAM \
  -pfarbss=FARRAM,fardata=FARRAM,nvFARRAM=FARRAM \
  -pintsave_regs=BIGRAM,bigbss=BIGRAM,bigdata=BIGRAM -pbss=RAM \
  -pidata=CODE,irdata=CODE,ibigdata=CODE,ifardata=CODE -prparam=COMRAM \
  C:\Users\e6220706\AppData\Local\Temp\xcAso04.\driver_tmp_9.o \
  dist/default/debug\TP3MI.X.debug.o 

Object code version is 3.11

Machine type is 18F25K80



                Name                               Link     Load   Length Selector   Space Scale
C:\Users\e6220706\AppData\Local\Temp\xcAso04.\driver_tmp_9.o
                config                           300000   300000        E        0       4
                init                                 B4       B4        4        4       0
                reset_vec                             0        0        4        0       0
dist/default/debug\TP3MI.X.debug.o
                intcode                               8        8       AC        4       0
                config                           300000   300000        E        0       4
                temp                                 4B       4B        1        1       1
                smallconst                          F00      F00       22      780       0
                text64                             1642     1642       26      791       0
                text63                             17FE     17FE        6      791       0
                text62                             1834     1834        2      791       0
                text61                             17F8     17F8        6      791       0
                text60                              FE6      FE6       B0      791       0
                text59                             14DE     14DE       3C      791       0
                text57                             1830     1830        4      791       0
                text56                             182C     182C        4      791       0
                text55                             1828     1828        4      791       0
                text54                             15CA     15CA       2A      791       0
                text53                             1824     1824        4      791       0
                text52                             1820     1820        4      791       0
                text51                             181C     181C        4      791       0
                text50                             168A     168A       22      791       0
                text49                             1396     1396       66      791       0
                text48                             16C8     16C8       18      791       0
                text47                             159E     159E       2C      791       0
                text46                             1572     1572       2C      791       0
                text45                             1546     1546       2C      791       0
                text44                             151A     151A       2C      791       0
                text43                             149C     149C       42      791       0
                text42                             1818     1818        4      791       0
                text41                             1814     1814        4      791       0
                text40                             1810     1810        4      791       0
                text39                             17F2     17F2        6      791       0
                text38                             180C     180C        4      791       0
                text37                             17EC     17EC        6      791       0
                text36                             17E4     17E4        8      791       0
                text35                             170A     170A       14      791       0
                text34                             1808     1808        4      791       0
                text33                             11C8     11C8       7C      791       0
                text32                             17A2     17A2        A      791       0
                text31                             174E     174E        E      791       0
                text30                             1740     1740        E      791       0
                text29                              F22      F22       C4      791       0
                text28                             1096     1096       A6      791       0
                text27                             1798     1798        A      791       0
                text26                             17DC     17DC        8      791       0
                text25                             17D4     17D4        8      791       0
                text24                             17CC     17CC        8      791       0
                text23                             17C4     17C4        8      791       0
                text22                             17BC     17BC        8      791       0
                text21                             17B4     17B4        8      791       0
                text20                             17AC     17AC        8      791       0
                text19                             178E     178E        A      791       0
                text18                             132C     132C       6A      791       0
                text17                             13FC     13FC       5E      791       0
                text16                             1730     1730       10      791       0
                text15                             16AC     16AC       1C      791       0
                text14                             145A     145A       42      791       0
                text13                             1668     1668       22      791       0
                text12                             113C     113C       8C      791       0
                text11                             1784     1784        A      791       0
                text10                             177A     177A        A      791       0
                text9                              1770     1770        A      791       0
                text8                              1766     1766        A      791       0
                text7                              175C     175C        A      791       0
                text6                              12B8     12B8       74      791       0
                text5                              16F6     16F6       14      791       0
                text4                              1804     1804        4      791       0
                text3                              171E     171E       12      791       0
                text2                              15F4     15F4       28      791       0
                text1                              16E0     16E0       16      791       0
                text0                              1244     1244       74      791       0
                cstackCOMRAM                         34       34       17        1       1
                cstackBANK0                          60       60       14       60       1
                bssBANK0                             74       74       10       60       1
                bssCOMRAM                             1        1       33        1       1
                cinit                              161C     161C       26      791       0
                nvBANK0                              84       84        A       60       1

TOTAL           Name                               Link     Load   Length     Space
        CLASS   CODE           
                intcode                               8        8       AC         0
                init                                 B4       B4        4         0
                reset_vec                             0        0        4         0
                text64                             1642     1642       26         0
                text63                             17FE     17FE        6         0
                text62                             1834     1834        2         0
                text61                             17F8     17F8        6         0
                text60                              FE6      FE6       B0         0
                text59                             14DE     14DE       3C         0
                text57                             1830     1830        4         0
                text56                             182C     182C        4         0
                text55                             1828     1828        4         0
                text54                             15CA     15CA       2A         0
                text53                             1824     1824        4         0
                text52                             1820     1820        4         0
                text51                             181C     181C        4         0
                text50                             168A     168A       22         0
                text49                             1396     1396       66         0
                text48                             16C8     16C8       18         0
                text47                             159E     159E       2C         0
                text46                             1572     1572       2C         0
                text45                             1546     1546       2C         0
                text44                             151A     151A       2C         0
                text43                             149C     149C       42         0
                text42                             1818     1818        4         0
                text41                             1814     1814        4         0
                text40                             1810     1810        4         0
                text39                             17F2     17F2        6         0
                text38                             180C     180C        4         0
                text37                             17EC     17EC        6         0
                text36                             17E4     17E4        8         0
                text35                             170A     170A       14         0
                text34                             1808     1808        4         0
                text33                             11C8     11C8       7C         0
                text32                             17A2     17A2        A         0
                text31                             174E     174E        E         0
                text30                             1740     1740        E         0
                text29                              F22      F22       C4         0
                text28                             1096     1096       A6         0
                text27                             1798     1798        A         0
                text26                             17DC     17DC        8         0
                text25                             17D4     17D4        8         0
                text24                             17CC     17CC        8         0
                text23                             17C4     17C4        8         0
                text22                             17BC     17BC        8         0
                text21                             17B4     17B4        8         0
                text20                             17AC     17AC        8         0
                text19                             178E     178E        A         0
                text18                             132C     132C       6A         0
                text17                             13FC     13FC       5E         0
                text16                             1730     1730       10         0
                text15                             16AC     16AC       1C         0
                text14                             145A     145A       42         0
                text13                             1668     1668       22         0
                text12                             113C     113C       8C         0
                text11                             1784     1784        A         0
                text10                             177A     177A        A         0
                text9                              1770     1770        A         0
                text8                              1766     1766        A         0
                text7                              175C     175C        A         0
                text6                              12B8     12B8       74         0
                text5                              16F6     16F6       14         0
                text4                              1804     1804        4         0
                text3                              171E     171E       12         0
                text2                              15F4     15F4       28         0
                text1                              16E0     16E0       16         0
                text0                              1244     1244       74         0
                cinit                              161C     161C       26         0

        CLASS   CONST          

        CLASS   SMALLCONST     
                smallconst                          F00      F00       22         0

        CLASS   MEDIUMCONST    

        CLASS   COMRAM         
                temp                                 4B       4B        1         1
                cstackCOMRAM                         34       34       17         1
                bssCOMRAM                             1        1       33         1

        CLASS   ABS1           

        CLASS   BIGRAM         

        CLASS   RAM            

        CLASS   BANK0          
                cstackBANK0                          60       60       14         1
                bssBANK0                             74       74       10         1
                nvBANK0                              84       84        A         1

        CLASS   BANK1          

        CLASS   BANK2          

        CLASS   BANK3          

        CLASS   BANK4          

        CLASS   BANK5          

        CLASS   BANK6          

        CLASS   BANK7          

        CLASS   BANK8          

        CLASS   BANK9          

        CLASS   BANK10         

        CLASS   BANK11         

        CLASS   BANK12         

        CLASS   BANK13         

        CLASS   BANK14         

        CLASS   SFR            

        CLASS   BIGSFR         

        CLASS   CONFIG         
                config                           300000   300000        E         4

        CLASS   IDLOC          

        CLASS   EEDATA         

        CLASS   FARRAM         

        CLASS   HEAP           

        CLASS   STACK          



SEGMENTS        Name                           Load    Length   Top    Selector   Space  Class

                reset_vec                      000000  000004  000004         0       0  CODE    
                bssCOMRAM                      000001  00004B  00004C         1       1  COMRAM  
                intcode                        000008  0000B0  0000B8         4       0  CODE    
                cstackBANK0                    000060  00002E  00008E        60       1  BANK0   
                smallconst                     000F00  000022  000F22       780       0  SMALLCON
                text29                         000F22  000914  001836       791       0  CODE    


UNUSED ADDRESS RANGES

        Name                Unused          Largest block    Delta
        BANK0            00008E-0000FF               72
        BANK1            000100-0001FF              100
        BANK10           000A00-000AFF              100
        BANK11           000B00-000BFF              100
        BANK12           000C00-000CFF              100
        BANK13           000D00-000DFF              100
        BANK14           000E00-000E40               41
        BANK2            000200-0002FF              100
        BANK3            000300-0003FF              100
        BANK4            000400-0004FF              100
        BANK5            000500-0005FF              100
        BANK6            000600-0006FF              100
        BANK7            000700-0007FF              100
        BANK8            000800-0008FF              100
        BANK9            000900-0009FF              100
        BIGRAM           00004C-00005F               14
                         00008E-000E40              DB3
        BIGSFR           000E41-000FFF              1BF
        CODE             000004-000007                4
                         0000B8-000EFF              E48
                         001836-007FFF             67CA
        COMRAM           00004C-00005F               14
        CONST            000004-000007                4
                         0000B8-000EFF              E48
                         001836-007FFF             67CA
        EEDATA           F00000-F003FF              400
        IDLOC            200000-200007                8
        MEDIUMCONST      001836-007FFF             67CA
        RAM              00008E-000E40              100
        SFR              000E41-000FFF               BF
        SMALLCONST       001836-007FFF              100

                                  Symbol Table

EUSART1_SetErrorHandler@interruptHandler        cstackCOMRAM 000038
EUSART1_SetFramingErrorHandler@interruptHandler cstackCOMRAM 000038
EUSART1_SetOverrunErrorHandler@interruptHandler cstackCOMRAM 000038
EUSART1_SetRxInterruptHandler@interruptHandler  cstackCOMRAM 000038
EUSART1_SetTxInterruptHandler@interruptHandler  cstackCOMRAM 000038
I2C_CallbackReturnReset@funPtr                  cstackCOMRAM 000041
I2C_Close@returnValue                           cstackCOMRAM 000038
I2C_MasterOperation@read                        cstackCOMRAM 000047
I2C_MasterOperation@returnValue                 cstackCOMRAM 000048
I2C_MasterSendTxData@data                       cstackCOMRAM 000038
I2C_Open@address                                cstackCOMRAM 000038
I2C_Open@returnValue                            cstackCOMRAM 000039
I2C_SetBuffer@buffer                            cstackCOMRAM 000038
I2C_SetBuffer@bufferSize                        cstackCOMRAM 00003A
I2C_SetCallback@cb                              cstackCOMRAM 000038
I2C_SetCallback@idx                             cstackCOMRAM 00003C
I2C_SetCallback@ptr                             cstackCOMRAM 00003A
I2C_SetDataCompleteCallback@cb                  cstackCOMRAM 00003D
I2C_SetDataCompleteCallback@ptr                 cstackCOMRAM 00003F
_ANCON0                                         (abs)        000F5D
_ANCON1                                         (abs)        000F5C
_BAUDCON1                                       (abs)        000FA7
_EUSART1_DefaultErrorHandler                    text63       0017FE
_EUSART1_DefaultFramingErrorHandler             text62       001834
_EUSART1_DefaultOverrunErrorHandler             text61       0017F8
_EUSART1_ErrorHandler                           nvBANK0      000084
_EUSART1_FramingErrorHandler                    nvBANK0      000088
_EUSART1_Initialize                             text6        0012B8
_EUSART1_OverrunErrorHandler                    nvBANK0      000086
_EUSART1_Receive_ISR                            text60       000FE6
_EUSART1_RxDataHandler                          text64       001642
_EUSART1_RxDefaultInterruptHandler              nvBANK0      00008A
_EUSART1_SetErrorHandler                        text11       001784
_EUSART1_SetFramingErrorHandler                 text10       00177A
_EUSART1_SetOverrunErrorHandler                 text9        001770
_EUSART1_SetRxInterruptHandler                  text8        001766
_EUSART1_SetTxInterruptHandler                  text7        00175C
_EUSART1_Transmit_ISR                           text59       0014DE
_EUSART1_TxDefaultInterruptHandler              nvBANK0      00008C
_I2C_CallbackReturnReset                        text41       001814
_I2C_CallbackReturnStop                         text42       001818
_I2C_Close                                      text54       0015CA
_I2C_DO_ADDRESS_NACK                            text18       00132C
_I2C_DO_IDLE                                    text32       0017A2
_I2C_DO_RCEN                                    text27       001798
_I2C_DO_RESET                                   text19       00178E
_I2C_DO_RX                                      text28       001096
_I2C_DO_RX_ACK                                  text22       0017BC
_I2C_DO_RX_NACK_RESTART                         text20       0017AC
_I2C_DO_RX_NACK_STOP                            text21       0017B4
_I2C_DO_SEND_ADR_READ                           text31       00174E
_I2C_DO_SEND_ADR_WRITE                          text30       001740
_I2C_DO_SEND_RESTART                            text24       0017CC
_I2C_DO_SEND_RESTART_READ                       text26       0017DC
_I2C_DO_SEND_RESTART_WRITE                      text25       0017D4
_I2C_DO_SEND_STOP                               text23       0017C4
_I2C_DO_TX                                      text29       000F22
_I2C_DO_TX_EMPTY                                text33       0011C8
_I2C_Initialize                                 text5        0016F6
_I2C_MasterClearIrq                             text57       001830
_I2C_MasterClose                                text56       00182C
_I2C_MasterDisableIrq                           text55       001828
_I2C_MasterEnableRestart                        text52       001820
_I2C_MasterFsm                                  text17       0013FC
_I2C_MasterGetRxData                            text38       00180C
_I2C_MasterIsNack                               text35       00170A
_I2C_MasterOpen                                 text13       001668
_I2C_MasterOperation                            text14       00145A
_I2C_MasterSendAck                              text37       0017EC
_I2C_MasterSendNack                             text39       0017F2
_I2C_MasterSendTxData                           text36       0017E4
_I2C_MasterSetIrq                               text34       001808
_I2C_MasterStart                                text53       001824
_I2C_MasterStartRx                              text40       001810
_I2C_MasterStop                                 text51       00181C
_I2C_MasterWaitForEvent                         text16       001730
_I2C_Open                                       text12       00113C
_I2C_Poller                                     text15       0016AC
_I2C_SetBuffer                                  text50       00168A
_I2C_SetCallback                                text49       001396
_I2C_SetDataCompleteCallback                    text48       0016C8
_I2C_Status                                     bssCOMRAM    000001
_INTCON2bits                                    (abs)        000FF1
_INTCONbits                                     (abs)        000FF2
_INTERRUPT_Initialize                           text4        001804
_INTERRUPT_InterruptManager                     intcode      000008
_LATA                                           (abs)        000F89
_LATB                                           (abs)        000F8A
_LATC                                           (abs)        000F8B
_OSCCON                                         (abs)        000FD3
_OSCCON2                                        (abs)        000FD2
_OSCILLATOR_Initialize                          text3        00171E
_OSCTUNE                                        (abs)        000F9B
_PIE1bits                                       (abs)        000F9D
_PIN_MANAGER_Initialize                         text2        0015F4
_PIR1bits                                       (abs)        000F9E
_PIR2bits                                       (abs)        000FA1
_RCONbits                                       (abs)        000FD0
_RCREG1                                         (abs)        000FAE
_RCSTA1                                         (abs)        000FAB
_RCSTA1bits                                     (abs)        000FAB
_REFOCON                                        (abs)        000F9A
_SPBRG1                                         (abs)        000FAF
_SPBRGH1                                        (abs)        000F7D
_SSPADD                                         (abs)        000FC8
_SSPBUF                                         (abs)        000FC9
_SSPCON1                                        (abs)        000FC6
_SSPCON1bits                                    (abs)        000FC6
_SSPCON2                                        (abs)        000FC5
_SSPCON2bits                                    (abs)        000FC5
_SSPSTAT                                        (abs)        000FC7
_SSPSTATbits                                    (abs)        000FC7
_SYSTEM_Initialize                              text1        0016E0
_TRISA                                          (abs)        000F92
_TRISB                                          (abs)        000F93
_TRISC                                          (abs)        000F94
_TXREG1                                         (abs)        000FAD
_TXSTA1                                         (abs)        000FAC
_TXSTA1bits                                     (abs)        000FAC
_WPUB                                           (abs)        000F5B
__HRAM                                          (abs)        000000
__H__absolute__                                 __absolute__ 000000
__Habs1                                         abs1         000000
__Hbank0                                        bank0        000000
__Hbank1                                        bank1        000000
__Hbank10                                       bank10       000000
__Hbank11                                       bank11       000000
__Hbank12                                       bank12       000000
__Hbank13                                       bank13       000000
__Hbank14                                       bank14       000000
__Hbank2                                        bank2        000000
__Hbank3                                        bank3        000000
__Hbank4                                        bank4        000000
__Hbank5                                        bank5        000000
__Hbank6                                        bank6        000000
__Hbank7                                        bank7        000000
__Hbank8                                        bank8        000000
__Hbank9                                        bank9        000000
__Hbigbss                                       bigbss       000000
__Hbigdata                                      bigdata      000000
__Hbigram                                       bigram       000000
__Hbigsfr                                       bigsfr       000000
__Hbss                                          bss          000000
__HbssBANK0                                     bssBANK0     000000
__HbssCOMRAM                                    bssCOMRAM    000000
__Hcinit                                        cinit        000000
__Hclrtext                                      clrtext      000000
__Hcomram                                       comram       000000
__Hconfig                                       config       30000E
__Hconst                                        const        000000
__HcstackBANK0                                  cstackBANK0  000000
__HcstackCOMRAM                                 cstackCOMRAM 000000
__Hdata                                         data         000000
__Heeprom_data                                  eeprom_data  000000
__Hfarbss                                       farbss       000000
__Hfardata                                      fardata      000000
__Hheap                                         heap         000000
__Hibigdata                                     ibigdata     000000
__Hidata                                        idata        000000
__Hidloc                                        idloc        000000
__Hifardata                                     ifardata     000000
__Hinit                                         init         0000B8
__Hintcode                                      intcode      0000B4
__Hintcode_body                                 intcode_body 000000
__Hintcodelo                                    intcodelo    0000B4
__Hintentry                                     intentry     000000
__Hintret                                       intret       000000
__Hintsave_regs                                 intsave_regs 000000
__Hirdata                                       irdata       000000
__Hmediumconst                                  mediumconst  000000
__HnvBANK0                                      nvBANK0      000000
__HnvFARRAM                                     nvFARRAM     000000
__Hnvbit                                        nvbit        000000
__Hnvrram                                       nvrram       000000
__Hparam                                        rparam       000000
__Hpowerup                                      powerup      0000B4
__Hram                                          ram          000000
__Hramtop                                       ramtop       000F00
__Hrbit                                         rbit         000000
__Hrbss                                         rbss         000000
__Hrdata                                        rdata        000000
__Hreset_vec                                    reset_vec    000004
__Hrparam                                       rparam       000000
__Hsfr                                          sfr          000000
__Hsmallconst                                   smallconst   000F22
__Hspace_0                                      (abs)        001836
__Hspace_1                                      (abs)        00008E
__Hspace_2                                      (abs)        000000
__Hspace_4                                      (abs)        60000E
__Hstack                                        stack        000000
__Hstruct                                       struct       000000
__Htemp                                         temp         00004C
__Htext                                         text         000000
__Htext0                                        text0        000000
__Htext1                                        text1        000000
__Htext10                                       text10       000000
__Htext11                                       text11       000000
__Htext12                                       text12       000000
__Htext13                                       text13       000000
__Htext14                                       text14       000000
__Htext15                                       text15       000000
__Htext16                                       text16       000000
__Htext17                                       text17       000000
__Htext18                                       text18       000000
__Htext19                                       text19       000000
__Htext2                                        text2        000000
__Htext20                                       text20       000000
__Htext21                                       text21       000000
__Htext22                                       text22       000000
__Htext23                                       text23       000000
__Htext24                                       text24       000000
__Htext25                                       text25       000000
__Htext26                                       text26       000000
__Htext27                                       text27       000000
__Htext28                                       text28       000000
__Htext29                                       text29       000000
__Htext3                                        text3        000000
__Htext30                                       text30       000000
__Htext31                                       text31       000000
__Htext32                                       text32       000000
__Htext33                                       text33       000000
__Htext34                                       text34       000000
__Htext35                                       text35       000000
__Htext36                                       text36       000000
__Htext37                                       text37       000000
__Htext38                                       text38       000000
__Htext39                                       text39       000000
__Htext4                                        text4        000000
__Htext40                                       text40       000000
__Htext41                                       text41       000000
__Htext42                                       text42       000000
__Htext43                                       text43       000000
__Htext44                                       text44       000000
__Htext45                                       text45       000000
__Htext46                                       text46       000000
__Htext47                                       text47       000000
__Htext48                                       text48       000000
__Htext49                                       text49       000000
__Htext5                                        text5        000000
__Htext50                                       text50       000000
__Htext51                                       text51       000000
__Htext52                                       text52       000000
__Htext53                                       text53       000000
__Htext54                                       text54       000000
__Htext55                                       text55       000000
__Htext56                                       text56       000000
__Htext57                                       text57       000000
__Htext59                                       text59       000000
__Htext6                                        text6        000000
__Htext60                                       text60       000000
__Htext61                                       text61       000000
__Htext62                                       text62       000000
__Htext63                                       text63       000000
__Htext64                                       text64       000000
__Htext65                                       text65       000000
__Htext7                                        text7        000000
__Htext8                                        text8        000000
__Htext9                                        text9        000000
__LRAM                                          (abs)        000001
__L__absolute__                                 __absolute__ 000000
__Labs1                                         abs1         000000
__Lbank0                                        bank0        000000
__Lbank1                                        bank1        000000
__Lbank10                                       bank10       000000
__Lbank11                                       bank11       000000
__Lbank12                                       bank12       000000
__Lbank13                                       bank13       000000
__Lbank14                                       bank14       000000
__Lbank2                                        bank2        000000
__Lbank3                                        bank3        000000
__Lbank4                                        bank4        000000
__Lbank5                                        bank5        000000
__Lbank6                                        bank6        000000
__Lbank7                                        bank7        000000
__Lbank8                                        bank8        000000
__Lbank9                                        bank9        000000
__Lbigbss                                       bigbss       000000
__Lbigdata                                      bigdata      000000
__Lbigram                                       bigram       000000
__Lbigsfr                                       bigsfr       000000
__Lbss                                          bss          000000
__LbssBANK0                                     bssBANK0     000000
__LbssCOMRAM                                    bssCOMRAM    000000
__Lcinit                                        cinit        000000
__Lclrtext                                      clrtext      000000
__Lcomram                                       comram       000000
__Lconfig                                       config       000000
__Lconst                                        const        000000
__LcstackBANK0                                  cstackBANK0  000000
__LcstackCOMRAM                                 cstackCOMRAM 000000
__Ldata                                         data         000000
__Leeprom_data                                  eeprom_data  000000
__Lfarbss                                       farbss       000000
__Lfardata                                      fardata      000000
__Lheap                                         heap         000000
__Libigdata                                     ibigdata     000000
__Lidata                                        idata        000000
__Lidloc                                        idloc        000000
__Lifardata                                     ifardata     000000
__Linit                                         init         0000B4
__Lintcode                                      intcode      000008
__Lintcode_body                                 intcode_body 000000
__Lintcodelo                                    intcodelo    0000B4
__Lintentry                                     intentry     000000
__Lintret                                       intret       000000
__Lintsave_regs                                 intsave_regs 000000
__Lirdata                                       irdata       000000
__Lmediumconst                                  mediumconst  000000
__LnvBANK0                                      nvBANK0      000000
__LnvFARRAM                                     nvFARRAM     000000
__Lnvbit                                        nvbit        000000
__Lnvrram                                       nvrram       000000
__Lparam                                        rparam       000000
__Lpowerup                                      powerup      0000B4
__Lram                                          ram          000000
__Lramtop                                       ramtop       000F00
__Lrbit                                         rbit         000000
__Lrbss                                         rbss         000000
__Lrdata                                        rdata        000000
__Lreset_vec                                    reset_vec    000000
__Lrparam                                       rparam       000000
__Lsfr                                          sfr          000000
__Lsmallconst                                   smallconst   000F00
__Lspace_0                                      (abs)        000000
__Lspace_1                                      (abs)        000000
__Lspace_2                                      (abs)        000000
__Lspace_4                                      (abs)        000000
__Lstack                                        stack        000000
__Lstruct                                       struct       000000
__Ltemp                                         temp         00004B
__Ltext                                         text         000000
__Ltext0                                        text0        000000
__Ltext1                                        text1        000000
__Ltext10                                       text10       000000
__Ltext11                                       text11       000000
__Ltext12                                       text12       000000
__Ltext13                                       text13       000000
__Ltext14                                       text14       000000
__Ltext15                                       text15       000000
__Ltext16                                       text16       000000
__Ltext17                                       text17       000000
__Ltext18                                       text18       000000
__Ltext19                                       text19       000000
__Ltext2                                        text2        000000
__Ltext20                                       text20       000000
__Ltext21                                       text21       000000
__Ltext22                                       text22       000000
__Ltext23                                       text23       000000
__Ltext24                                       text24       000000
__Ltext25                                       text25       000000
__Ltext26                                       text26       000000
__Ltext27                                       text27       000000
__Ltext28                                       text28       000000
__Ltext29                                       text29       000000
__Ltext3                                        text3        000000
__Ltext30                                       text30       000000
__Ltext31                                       text31       000000
__Ltext32                                       text32       000000
__Ltext33                                       text33       000000
__Ltext34                                       text34       000000
__Ltext35                                       text35       000000
__Ltext36                                       text36       000000
__Ltext37                                       text37       000000
__Ltext38                                       text38       000000
__Ltext39                                       text39       000000
__Ltext4                                        text4        000000
__Ltext40                                       text40       000000
__Ltext41                                       text41       000000
__Ltext42                                       text42       000000
__Ltext43                                       text43       000000
__Ltext44                                       text44       000000
__Ltext45                                       text45       000000
__Ltext46                                       text46       000000
__Ltext47                                       text47       000000
__Ltext48                                       text48       000000
__Ltext49                                       text49       000000
__Ltext5                                        text5        000000
__Ltext50                                       text50       000000
__Ltext51                                       text51       000000
__Ltext52                                       text52       000000
__Ltext53                                       text53       000000
__Ltext54                                       text54       000000
__Ltext55                                       text55       000000
__Ltext56                                       text56       000000
__Ltext57                                       text57       000000
__Ltext59                                       text59       000000
__Ltext6                                        text6        000000
__Ltext60                                       text60       000000
__Ltext61                                       text61       000000
__Ltext62                                       text62       000000
__Ltext63                                       text63       000000
__Ltext64                                       text64       000000
__Ltext65                                       text65       000000
__Ltext7                                        text7        000000
__Ltext8                                        text8        000000
__Ltext9                                        text9        000000
__S0                                            (abs)        001836
__S1                                            (abs)        00008E
__S4                                            (abs)        000000
__S5                                            (abs)        000000
___heap_hi                                      (abs)        000000
___heap_lo                                      (abs)        000000
___inthi_sp                                     stack        000000
___inthi_stack_hi                               stack        000000
___inthi_stack_lo                               stack        000000
___intlo_sp                                     stack        000000
___intlo_stack_hi                               stack        000000
___intlo_stack_lo                               stack        000000
___param_bank                                   (abs)        000000
___rparam_used                                  (abs)        000001
___sp                                           stack        000000
___stack_hi                                     stack        000000
___stack_lo                                     stack        000000
__accesstop                                     (abs)        000060
__activetblptr                                  (abs)        000002
__end_of_EUSART1_DefaultErrorHandler            text63       001804
__end_of_EUSART1_DefaultFramingErrorHandler     text62       001836
__end_of_EUSART1_DefaultOverrunErrorHandler     text61       0017FE
__end_of_EUSART1_Initialize                     text6        00132C
__end_of_EUSART1_Receive_ISR                    text60       001096
__end_of_EUSART1_RxDataHandler                  text64       001668
__end_of_EUSART1_SetErrorHandler                text11       00178E
__end_of_EUSART1_SetFramingErrorHandler         text10       001784
__end_of_EUSART1_SetOverrunErrorHandler         text9        00177A
__end_of_EUSART1_SetRxInterruptHandler          text8        001770
__end_of_EUSART1_SetTxInterruptHandler          text7        001766
__end_of_EUSART1_Transmit_ISR                   text59       00151A
__end_of_I2C_CallbackReturnReset                text41       001818
__end_of_I2C_CallbackReturnStop                 text42       00181C
__end_of_I2C_Close                              text54       0015F4
__end_of_I2C_DO_ADDRESS_NACK                    text18       001396
__end_of_I2C_DO_IDLE                            text32       0017AC
__end_of_I2C_DO_RCEN                            text27       0017A2
__end_of_I2C_DO_RESET                           text19       001798
__end_of_I2C_DO_RX                              text28       00113C
__end_of_I2C_DO_RX_ACK                          text22       0017C4
__end_of_I2C_DO_RX_NACK_RESTART                 text20       0017B4
__end_of_I2C_DO_RX_NACK_STOP                    text21       0017BC
__end_of_I2C_DO_SEND_ADR_READ                   text31       00175C
__end_of_I2C_DO_SEND_ADR_WRITE                  text30       00174E
__end_of_I2C_DO_SEND_RESTART                    text24       0017D4
__end_of_I2C_DO_SEND_RESTART_READ               text26       0017E4
__end_of_I2C_DO_SEND_RESTART_WRITE              text25       0017DC
__end_of_I2C_DO_SEND_STOP                       text23       0017CC
__end_of_I2C_DO_TX                              text29       000FE6
__end_of_I2C_DO_TX_EMPTY                        text33       001244
__end_of_I2C_Initialize                         text5        00170A
__end_of_I2C_MasterClearIrq                     text57       001834
__end_of_I2C_MasterClose                        text56       001830
__end_of_I2C_MasterDisableIrq                   text55       00182C
__end_of_I2C_MasterEnableRestart                text52       001824
__end_of_I2C_MasterFsm                          text17       00145A
__end_of_I2C_MasterGetRxData                    text38       001810
__end_of_I2C_MasterIsNack                       text35       00171E
__end_of_I2C_MasterOpen                         text13       00168A
__end_of_I2C_MasterOperation                    text14       00149C
__end_of_I2C_MasterSendAck                      text37       0017F2
__end_of_I2C_MasterSendNack                     text39       0017F8
__end_of_I2C_MasterSendTxData                   text36       0017EC
__end_of_I2C_MasterSetIrq                       text34       00180C
__end_of_I2C_MasterStart                        text53       001828
__end_of_I2C_MasterStartRx                      text40       001814
__end_of_I2C_MasterStop                         text51       001820
__end_of_I2C_MasterWaitForEvent                 text16       001740
__end_of_I2C_Open                               text12       0011C8
__end_of_I2C_Poller                             text15       0016C8
__end_of_I2C_SetBuffer                          text50       0016AC
__end_of_I2C_SetCallback                        text49       0013FC
__end_of_I2C_SetDataCompleteCallback            text48       0016E0
__end_of_INTERRUPT_Initialize                   text4        001808
__end_of_INTERRUPT_InterruptManager             intcode      0000B4
__end_of_OSCILLATOR_Initialize                  text3        001730
__end_of_PIN_MANAGER_Initialize                 text2        00161C
__end_of_SYSTEM_Initialize                      text1        0016F6
__end_of__initialization                        cinit        001634
__end_of_i2c_fsmStateTable                      smallconst   000F21
__end_of_main                                   text0        0012B8
__end_of_rd1RegCompleteHandler                  text46       00159E
__end_of_rd2RegCompleteHandler                  text45       001572
__end_of_rdBlkRegCompleteHandler                text43       0014DE
__end_of_wr1RegCompleteHandler                  text44       001546
__end_of_wr2RegCompleteHandler                  text47       0015CA
__initialization                                cinit        00161C
__mediumconst                                   mediumconst  000000
__pbssBANK0                                     bssBANK0     000074
__pbssCOMRAM                                    bssCOMRAM    000001
__pcinit                                        cinit        00161C
__pcstackBANK0                                  cstackBANK0  000060
__pcstackCOMRAM                                 cstackCOMRAM 000034
__pintcode                                      intcode      000008
__pnvBANK0                                      nvBANK0      000084
__psmallconst                                   smallconst   000F00
__ptext0                                        text0        001244
__ptext1                                        text1        0016E0
__ptext10                                       text10       00177A
__ptext11                                       text11       001784
__ptext12                                       text12       00113C
__ptext13                                       text13       001668
__ptext14                                       text14       00145A
__ptext15                                       text15       0016AC
__ptext16                                       text16       001730
__ptext17                                       text17       0013FC
__ptext18                                       text18       00132C
__ptext19                                       text19       00178E
__ptext2                                        text2        0015F4
__ptext20                                       text20       0017AC
__ptext21                                       text21       0017B4
__ptext22                                       text22       0017BC
__ptext23                                       text23       0017C4
__ptext24                                       text24       0017CC
__ptext25                                       text25       0017D4
__ptext26                                       text26       0017DC
__ptext27                                       text27       001798
__ptext28                                       text28       001096
__ptext29                                       text29       000F22
__ptext3                                        text3        00171E
__ptext30                                       text30       001740
__ptext31                                       text31       00174E
__ptext32                                       text32       0017A2
__ptext33                                       text33       0011C8
__ptext34                                       text34       001808
__ptext35                                       text35       00170A
__ptext36                                       text36       0017E4
__ptext37                                       text37       0017EC
__ptext38                                       text38       00180C
__ptext39                                       text39       0017F2
__ptext4                                        text4        001804
__ptext40                                       text40       001810
__ptext41                                       text41       001814
__ptext42                                       text42       001818
__ptext43                                       text43       00149C
__ptext44                                       text44       00151A
__ptext45                                       text45       001546
__ptext46                                       text46       001572
__ptext47                                       text47       00159E
__ptext48                                       text48       0016C8
__ptext49                                       text49       001396
__ptext5                                        text5        0016F6
__ptext50                                       text50       00168A
__ptext51                                       text51       00181C
__ptext52                                       text52       001820
__ptext53                                       text53       001824
__ptext54                                       text54       0015CA
__ptext55                                       text55       001828
__ptext56                                       text56       00182C
__ptext57                                       text57       001830
__ptext59                                       text59       0014DE
__ptext6                                        text6        0012B8
__ptext60                                       text60       000FE6
__ptext61                                       text61       0017F8
__ptext62                                       text62       001834
__ptext63                                       text63       0017FE
__ptext64                                       text64       001642
__ptext65                                       text65       000000
__ptext7                                        text7        00175C
__ptext8                                        text8        001766
__ptext9                                        text9        001770
__ramtop                                        ramtop       000F00
__smallconst                                    smallconst   000F00
_eusart1RxBuffer                                bssBANK0     000074
_eusart1RxCount                                 bssCOMRAM    00002E
_eusart1RxHead                                  bssCOMRAM    000030
_eusart1RxLastError                             bssCOMRAM    00002D
_eusart1RxStatusBuffer                          bssCOMRAM    000025
_eusart1RxTail                                  bssCOMRAM    00002F
_eusart1TxBuffer                                bssBANK0     00007C
_eusart1TxBufferRemaining                       bssCOMRAM    000031
_eusart1TxHead                                  bssCOMRAM    000033
_eusart1TxTail                                  bssCOMRAM    000032
_i2c_fsmStateTable                              smallconst   000F01
_main                                           text0        001244
_rd1RegCompleteHandler                          text46       001572
_rd2RegCompleteHandler                          text45       001546
_rdBlkRegCompleteHandler                        text43       00149C
_wr1RegCompleteHandler                          text44       00151A
_wr2RegCompleteHandler                          text47       00159E
btemp                                           temp         00004B
end_of_initialization                           cinit        001634
int$flags                                       temp         00004B
intlevel0                                       text         000000
intlevel1                                       text         000000
intlevel2                                       text         000000
intlevel3                                       text         000000
isa$std                                         (abs)        000001
isa$xinst                                       (abs)        000000
main@message                                    cstackBANK0  000060
rd1RegCompleteHandler@ptr                       cstackCOMRAM 000041
rd2RegCompleteHandler@ptr                       cstackCOMRAM 000041
rdBlkRegCompleteHandler@ptr                     cstackCOMRAM 000041
stackhi                                         (abs)        000000
stacklo                                         (abs)        000000
start                                           init         0000B4
start_initialization                            cinit        00161C
ttemp5                                          temp         00004C
ttemp6                                          temp         00004F
ttemp7                                          temp         000053
wr1RegCompleteHandler@ptr                       cstackCOMRAM 000041
wr2RegCompleteHandler@ptr                       cstackCOMRAM 000041
wtemp8                                          temp         00004C


MODULE INFORMATION

Module		Function		Class		Link	Load	Size
mcc_generated_files/interrupt_manager.c
		_INTERRUPT_Initialize		CODE           	1804	0000	4
		_INTERRUPT_InterruptManager		CODE           	0008	0000	172

mcc_generated_files/interrupt_manager.c estimated size: 176

mcc_generated_files/examples/i2c_master_example.c
		_wr1RegCompleteHandler		CODE           	151A	0000	44
		_wr2RegCompleteHandler		CODE           	159E	0000	44
		_rdBlkRegCompleteHandler		CODE           	149C	0000	66
		_rd1RegCompleteHandler		CODE           	1572	0000	44
		_rd2RegCompleteHandler		CODE           	1546	0000	44

mcc_generated_files/examples/i2c_master_example.c estimated size: 242

mcc_generated_files/pin_manager.c
		_PIN_MANAGER_Initialize		CODE           	15F4	0000	40

mcc_generated_files/pin_manager.c estimated size: 40

shared
		__initialization		CODE           	161C	0000	24
		_i2c_fsmStateTable		SMALLCONST     	0F01	0000	32

shared estimated size: 56

mcc_generated_files/eusart1.c
		_EUSART1_SetRxInterruptHandler		CODE           	1766	0000	10
		_EUSART1_SetTxInterruptHandler		CODE           	175C	0000	10
		_EUSART1_Initialize		CODE           	12B8	0000	116
		_EUSART1_DefaultErrorHandler		CODE           	17FE	0000	6
		_EUSART1_SetFramingErrorHandler		CODE           	177A	0000	10
		_EUSART1_SetOverrunErrorHandler		CODE           	1770	0000	10
		_EUSART1_SetErrorHandler		CODE           	1784	0000	10
		_EUSART1_Receive_ISR		CODE           	0FE6	0000	176
		_EUSART1_RxDataHandler		CODE           	1642	0000	38
		_EUSART1_DefaultOverrunErrorHandler		CODE           	17F8	0000	6
		_EUSART1_Transmit_ISR		CODE           	14DE	0000	60
		_EUSART1_DefaultFramingErrorHandler		CODE           	1834	0000	2

mcc_generated_files/eusart1.c estimated size: 454

mcc_generated_files/mcc.c
		_OSCILLATOR_Initialize		CODE           	171E	0000	18
		_SYSTEM_Initialize		CODE           	16E0	0000	22

mcc_generated_files/mcc.c estimated size: 40

mcc_generated_files/i2c_master.c
		_I2C_Close     		CODE           	15CA	0000	42
		_I2C_MasterStartRx		CODE           	1810	0000	4
		_I2C_DO_SEND_ADR_WRITE		CODE           	1740	0000	14
		_I2C_MasterWaitForEvent		CODE           	1730	0000	16
		_I2C_DO_SEND_STOP		CODE           	17C4	0000	8
		_I2C_MasterSendNack		CODE           	17F2	0000	6
		_I2C_MasterDisableIrq		CODE           	1828	0000	4
		_I2C_CallbackReturnStop		CODE           	1818	0000	4
		_I2C_MasterOperation		CODE           	145A	0000	66
		_I2C_DO_SEND_ADR_READ		CODE           	174E	0000	14
		_I2C_DO_RX_NACK_STOP		CODE           	17B4	0000	8
		_I2C_DO_SEND_RESTART		CODE           	17CC	0000	8
		_I2C_DO_RX     		CODE           	1096	0000	166
		_I2C_DO_TX     		CODE           	0F22	0000	196
		_I2C_DO_IDLE   		CODE           	17A2	0000	10
		_I2C_DO_RCEN   		CODE           	1798	0000	10
		_I2C_Poller    		CODE           	16AC	0000	28
		_I2C_DO_RESET  		CODE           	178E	0000	10
		_I2C_MasterClose		CODE           	182C	0000	4
		_I2C_DO_RX_ACK 		CODE           	17BC	0000	8
		_I2C_MasterStart		CODE           	1824	0000	4
		_I2C_MasterClearIrq		CODE           	1830	0000	4
		_I2C_MasterGetRxData		CODE           	180C	0000	4
		_I2C_SetCallback		CODE           	1396	0000	102
		_I2C_DO_ADDRESS_NACK		CODE           	132C	0000	106
		_I2C_MasterEnableRestart		CODE           	1820	0000	4
		_I2C_CallbackReturnReset		CODE           	1814	0000	4
		_I2C_Open      		CODE           	113C	0000	140
		_I2C_DO_TX_EMPTY		CODE           	11C8	0000	124
		_I2C_DO_SEND_RESTART_WRITE		CODE           	17D4	0000	8
		_I2C_MasterIsNack		CODE           	170A	0000	20
		_I2C_SetDataCompleteCallback		CODE           	16C8	0000	24
		_I2C_DO_RX_NACK_RESTART		CODE           	17AC	0000	8
		_I2C_MasterSendAck		CODE           	17EC	0000	6
		_I2C_MasterFsm 		CODE           	13FC	0000	94
		_I2C_MasterSetIrq		CODE           	1808	0000	4
		_I2C_DO_SEND_RESTART_READ		CODE           	17DC	0000	8
		_I2C_Initialize		CODE           	16F6	0000	20
		_I2C_SetBuffer 		CODE           	168A	0000	34
		_I2C_MasterOpen		CODE           	1668	0000	34
		_I2C_MasterSendTxData		CODE           	17E4	0000	8
		_I2C_MasterStop		CODE           	181C	0000	4

mcc_generated_files/i2c_master.c estimated size: 1390

main.c
		_main          		CODE           	1244	0000	116

main.c estimated size: 116

