Microchip MPLAB XC8 Compiler V2.45

Linker command line:

-W-3 \
  --edf=C:\Program Files\Microchip\xc8\v2.45\pic\dat\20230818022343_en.msgs \
  -cn -h+dist/default/production\TP3MI.X.production.sym \
  --cmf=dist/default/production\TP3MI.X.production.cmf -z -Q18F25K80 \
  -oC:\Users\e6220706\AppData\Local\Temp\xcAsdl0.\driver_tmp_3.o \
  --defsym=__MPLAB_BUILD=1 --fixupoverflow=error \
  -Mdist/default/production/TP3MI.X.production.map \
  --md=C:\Users\e6220706\AppData\Local\Temp\xcAsdl0.\driver_tmp_0.dat -E1 \
  -ver=XC8 Compiler --acfsm=1493 -ACODE=00h-07FFFh -ACONST=00h-07FFFh \
  -ASMALLCONST=0F00h-0FFFhx113 -AMEDIUMCONST=0F00h-07FFFh -ACOMRAM=01h-05Fh \
  -AABS1=00h-0E40h -ABIGRAM=01h-0E40h \
  -ARAM=060h-0FFh,0100h-01FFhx13,0E00h-0E40h -ABANK0=060h-0FFh \
  -ABANK1=0100h-01FFh -ABANK2=0200h-02FFh -ABANK3=0300h-03FFh \
  -ABANK4=0400h-04FFh -ABANK5=0500h-05FFh -ABANK6=0600h-06FFh \
  -ABANK7=0700h-07FFh -ABANK8=0800h-08FFh -ABANK9=0900h-09FFh \
  -ABANK10=0A00h-0AFFh -ABANK11=0B00h-0BFFh -ABANK12=0C00h-0CFFh \
  -ABANK13=0D00h-0DFFh -ABANK14=0E00h-0E40h \
  -ASFR=0E41h-0EFFh,0F00h-0F5Fh,0F60h-0FFFh -ABIGSFR=0E41h-0FFFh \
  -ACONFIG=0300000h-030000Dh -AIDLOC=0200000h-0200007h \
  -AEEDATA=0F00000h-0F003FFh -peeprom_data=EEDATA \
  -preset_vec=00h,intcode=08h,intcodelo,powerup,init -pramtop=0F00h \
  -psmallconst=SMALLCONST -pmediumconst=MEDIUMCONST -pconst=CONST \
  -AFARRAM=00h-00h \
  -prdata=COMRAM,nvrram=COMRAM,nvbit=COMRAM,rbss=COMRAM,rbit=COMRAM \
  -pfarbss=FARRAM,fardata=FARRAM,nvFARRAM=FARRAM \
  -pintsave_regs=BIGRAM,bigbss=BIGRAM,bigdata=BIGRAM -pbss=RAM \
  -pidata=CODE,irdata=CODE,ibigdata=CODE,ifardata=CODE -prparam=COMRAM \
  C:\Users\e6220706\AppData\Local\Temp\xcAsdl0.\driver_tmp_9.o \
  dist/default/production\TP3MI.X.production.o 

Object code version is 3.11

Machine type is 18F25K80



                Name                               Link     Load   Length Selector   Space Scale
C:\Users\e6220706\AppData\Local\Temp\xcAsdl0.\driver_tmp_9.o
                config                           300000   300000        E        0       4
                init                                 B2       B2        4        4       0
                reset_vec                             0        0        4        0       0
dist/default/production\TP3MI.X.production.o
                intcode                               8        8       AA        4       0
                config                           300000   300000        E        0       4
                temp                                 21       21        1        1       1
                smallconst                          F00      F00       22      780       0
                text64                             1762     1762       26      791       0
                text63                             192C     192C        6      791       0
                text62                             1962     1962        2      791       0
                text61                             1926     1926        6      791       0
                text60                             1166     1166       B0      791       0
                text59                             15FC     15FC       3C      791       0
                text57                             195E     195E        4      791       0
                text56                             195A     195A        4      791       0
                text55                             1956     1956        4      791       0
                text54                             16E8     16E8       2C      791       0
                text53                             1952     1952        4      791       0
                text52                             194E     194E        4      791       0
                text51                             194A     194A        4      791       0
                text50                             1788     1788       24      791       0
                text49                             1510     1510       66      791       0
                text48                             17EC     17EC       18      791       0
                text47                             16BC     16BC       2C      791       0
                text46                             1690     1690       2C      791       0
                text45                             1664     1664       2C      791       0
                text44                             1638     1638       2C      791       0
                text43                             15BA     15BA       42      791       0
                text42                             1946     1946        4      791       0
                text41                             1942     1942        4      791       0
                text40                             193E     193E        4      791       0
                text39                             1920     1920        6      791       0
                text38                             193A     193A        4      791       0
                text37                             191A     191A        6      791       0
                text36                             1912     1912        8      791       0
                text35                             182E     182E       14      791       0
                text34                             1936     1936        4      791       0
                text33                             134C     134C       7E      791       0
                text32                             189C     189C        C      791       0
                text31                             1874     1874       10      791       0
                text30                             1864     1864       10      791       0
                text29                             109E     109E       C8      791       0
                text28                             1216     1216       A8      791       0
                text27                             1890     1890        C      791       0
                text26                             190A     190A        8      791       0
                text25                             1902     1902        8      791       0
                text24                             18FA     18FA        8      791       0
                text23                             18F2     18F2        8      791       0
                text22                             18EA     18EA        8      791       0
                text21                             18E2     18E2        8      791       0
                text20                             18DA     18DA        8      791       0
                text19                             1884     1884        C      791       0
                text18                             143E     143E       6C      791       0
                text17                             14AA     14AA       66      791       0
                text16                             1854     1854       10      791       0
                text15                             17CE     17CE       1E      791       0
                text14                             1576     1576       44      791       0
                text13                             17AC     17AC       22      791       0
                text12                             12BE     12BE       8E      791       0
                text11                             18D0     18D0        A      791       0
                text10                             18C6     18C6        A      791       0
                text9                              18BC     18BC        A      791       0
                text8                              18B2     18B2        A      791       0
                text7                              18A8     18A8        A      791       0
                text6                              13CA     13CA       74      791       0
                text5                              181A     181A       14      791       0
                text4                              1932     1932        4      791       0
                text3                              1842     1842       12      791       0
                text2                              1714     1714       28      791       0
                text1                              1804     1804       16      791       0
                text0                               F22      F22      17C      791       0
                cstackCOMRAM                          1        1       17        1       1
                cstackBANK0                          60       60       3E       60       1
                bssBANK0                             9E       9E       3C       60       1
                bssCOMRAM                            18       18        7        1       1
                cinit                              173C     173C       26      791       0
                nvBANK0                              DA       DA        8       60       1
                nvCOMRAM                             1F       1F        2        1       1

TOTAL           Name                               Link     Load   Length     Space
        CLASS   CODE           
                intcode                               8        8       AA         0
                init                                 B2       B2        4         0
                reset_vec                             0        0        4         0
                text64                             1762     1762       26         0
                text63                             192C     192C        6         0
                text62                             1962     1962        2         0
                text61                             1926     1926        6         0
                text60                             1166     1166       B0         0
                text59                             15FC     15FC       3C         0
                text57                             195E     195E        4         0
                text56                             195A     195A        4         0
                text55                             1956     1956        4         0
                text54                             16E8     16E8       2C         0
                text53                             1952     1952        4         0
                text52                             194E     194E        4         0
                text51                             194A     194A        4         0
                text50                             1788     1788       24         0
                text49                             1510     1510       66         0
                text48                             17EC     17EC       18         0
                text47                             16BC     16BC       2C         0
                text46                             1690     1690       2C         0
                text45                             1664     1664       2C         0
                text44                             1638     1638       2C         0
                text43                             15BA     15BA       42         0
                text42                             1946     1946        4         0
                text41                             1942     1942        4         0
                text40                             193E     193E        4         0
                text39                             1920     1920        6         0
                text38                             193A     193A        4         0
                text37                             191A     191A        6         0
                text36                             1912     1912        8         0
                text35                             182E     182E       14         0
                text34                             1936     1936        4         0
                text33                             134C     134C       7E         0
                text32                             189C     189C        C         0
                text31                             1874     1874       10         0
                text30                             1864     1864       10         0
                text29                             109E     109E       C8         0
                text28                             1216     1216       A8         0
                text27                             1890     1890        C         0
                text26                             190A     190A        8         0
                text25                             1902     1902        8         0
                text24                             18FA     18FA        8         0
                text23                             18F2     18F2        8         0
                text22                             18EA     18EA        8         0
                text21                             18E2     18E2        8         0
                text20                             18DA     18DA        8         0
                text19                             1884     1884        C         0
                text18                             143E     143E       6C         0
                text17                             14AA     14AA       66         0
                text16                             1854     1854       10         0
                text15                             17CE     17CE       1E         0
                text14                             1576     1576       44         0
                text13                             17AC     17AC       22         0
                text12                             12BE     12BE       8E         0
                text11                             18D0     18D0        A         0
                text10                             18C6     18C6        A         0
                text9                              18BC     18BC        A         0
                text8                              18B2     18B2        A         0
                text7                              18A8     18A8        A         0
                text6                              13CA     13CA       74         0
                text5                              181A     181A       14         0
                text4                              1932     1932        4         0
                text3                              1842     1842       12         0
                text2                              1714     1714       28         0
                text1                              1804     1804       16         0
                text0                               F22      F22      17C         0
                cinit                              173C     173C       26         0

        CLASS   CONST          

        CLASS   SMALLCONST     
                smallconst                          F00      F00       22         0

        CLASS   MEDIUMCONST    

        CLASS   COMRAM         
                temp                                 21       21        1         1
                cstackCOMRAM                          1        1       17         1
                bssCOMRAM                            18       18        7         1
                nvCOMRAM                             1F       1F        2         1

        CLASS   ABS1           

        CLASS   BIGRAM         

        CLASS   RAM            

        CLASS   BANK0          
                cstackBANK0                          60       60       3E         1
                bssBANK0                             9E       9E       3C         1
                nvBANK0                              DA       DA        8         1

        CLASS   BANK1          

        CLASS   BANK2          

        CLASS   BANK3          

        CLASS   BANK4          

        CLASS   BANK5          

        CLASS   BANK6          

        CLASS   BANK7          

        CLASS   BANK8          

        CLASS   BANK9          

        CLASS   BANK10         

        CLASS   BANK11         

        CLASS   BANK12         

        CLASS   BANK13         

        CLASS   BANK14         

        CLASS   SFR            

        CLASS   BIGSFR         

        CLASS   CONFIG         
                config                           300000   300000        E         4

        CLASS   IDLOC          

        CLASS   EEDATA         

        CLASS   FARRAM         

        CLASS   HEAP           

        CLASS   STACK          



SEGMENTS        Name                           Load    Length   Top    Selector   Space  Class

                reset_vec                      000000  000004  000004         0       0  CODE    
                cstackCOMRAM                   000001  000021  000022         1       1  COMRAM  
                intcode                        000008  0000AE  0000B6         4       0  CODE    
                cstackBANK0                    000060  000082  0000E2        60       1  BANK0   
                smallconst                     000F00  000022  000F22       780       0  SMALLCON
                text0                          000F22  000A42  001964       791       0  CODE    


UNUSED ADDRESS RANGES

        Name                Unused          Largest block    Delta
        BANK0            0000E2-0000FF               1E
        BANK1            000100-0001FF              100
        BANK10           000A00-000AFF              100
        BANK11           000B00-000BFF              100
        BANK12           000C00-000CFF              100
        BANK13           000D00-000DFF              100
        BANK14           000E00-000E40               41
        BANK2            000200-0002FF              100
        BANK3            000300-0003FF              100
        BANK4            000400-0004FF              100
        BANK5            000500-0005FF              100
        BANK6            000600-0006FF              100
        BANK7            000700-0007FF              100
        BANK8            000800-0008FF              100
        BANK9            000900-0009FF              100
        BIGRAM           000022-00005F               3E
                         0000E2-000E40              D5F
        BIGSFR           000E41-000FFF              1BF
        CODE             000004-000007                4
                         0000B6-000EFF              E4A
                         001964-007FFF             669C
        COMRAM           000022-00005F               3E
        CONST            000004-000007                4
                         0000B6-000EFF              E4A
                         001964-007FFF             669C
        EEDATA           F00000-F003FF              400
        IDLOC            200000-200007                8
        MEDIUMCONST      001964-007FFF             669C
        RAM              0000E2-000E40              100
        SFR              000E41-000FFF               BF
        SMALLCONST       001964-007FFF              100

                                  Symbol Table

EUSART1_SetErrorHandler@interruptHandler        cstackCOMRAM 000005
EUSART1_SetFramingErrorHandler@interruptHandler cstackCOMRAM 000005
EUSART1_SetOverrunErrorHandler@interruptHandler cstackCOMRAM 000005
EUSART1_SetRxInterruptHandler@interruptHandler  cstackCOMRAM 000005
EUSART1_SetTxInterruptHandler@interruptHandler  cstackCOMRAM 000005
I2C_CallbackReturnReset@funPtr                  cstackCOMRAM 00000E
I2C_Close@returnValue                           cstackCOMRAM 000005
I2C_MasterOperation@read                        cstackCOMRAM 000014
I2C_MasterOperation@returnValue                 cstackCOMRAM 000015
I2C_MasterSendTxData@data                       cstackCOMRAM 000005
I2C_Open@address                                cstackCOMRAM 000005
I2C_Open@returnValue                            cstackCOMRAM 000006
I2C_SetBuffer@buffer                            cstackCOMRAM 000005
I2C_SetBuffer@bufferSize                        cstackCOMRAM 000007
I2C_SetCallback@cb                              cstackCOMRAM 000005
I2C_SetCallback@idx                             cstackCOMRAM 000009
I2C_SetCallback@ptr                             cstackCOMRAM 000007
I2C_SetDataCompleteCallback@cb                  cstackCOMRAM 00000A
I2C_SetDataCompleteCallback@ptr                 cstackCOMRAM 00000C
_ANCON0                                         (abs)        000F5D
_ANCON1                                         (abs)        000F5C
_BAUDCON1                                       (abs)        000FA7
_EUSART1_DefaultErrorHandler                    text63       00192C
_EUSART1_DefaultFramingErrorHandler             text62       001962
_EUSART1_DefaultOverrunErrorHandler             text61       001926
_EUSART1_ErrorHandler                           nvBANK0      0000DA
_EUSART1_FramingErrorHandler                    nvBANK0      0000DE
_EUSART1_Initialize                             text6        0013CA
_EUSART1_OverrunErrorHandler                    nvBANK0      0000DC
_EUSART1_Receive_ISR                            text60       001166
_EUSART1_RxDataHandler                          text64       001762
_EUSART1_RxDefaultInterruptHandler              nvBANK0      0000E0
_EUSART1_SetErrorHandler                        text11       0018D0
_EUSART1_SetFramingErrorHandler                 text10       0018C6
_EUSART1_SetOverrunErrorHandler                 text9        0018BC
_EUSART1_SetRxInterruptHandler                  text8        0018B2
_EUSART1_SetTxInterruptHandler                  text7        0018A8
_EUSART1_Transmit_ISR                           text59       0015FC
_EUSART1_TxDefaultInterruptHandler              nvCOMRAM     00001F
_I2C_CallbackReturnReset                        text41       001942
_I2C_CallbackReturnStop                         text42       001946
_I2C_Close                                      text54       0016E8
_I2C_DO_ADDRESS_NACK                            text18       00143E
_I2C_DO_IDLE                                    text32       00189C
_I2C_DO_RCEN                                    text27       001890
_I2C_DO_RESET                                   text19       001884
_I2C_DO_RX                                      text28       001216
_I2C_DO_RX_ACK                                  text22       0018EA
_I2C_DO_RX_NACK_RESTART                         text20       0018DA
_I2C_DO_RX_NACK_STOP                            text21       0018E2
_I2C_DO_SEND_ADR_READ                           text31       001874
_I2C_DO_SEND_ADR_WRITE                          text30       001864
_I2C_DO_SEND_RESTART                            text24       0018FA
_I2C_DO_SEND_RESTART_READ                       text26       00190A
_I2C_DO_SEND_RESTART_WRITE                      text25       001902
_I2C_DO_SEND_STOP                               text23       0018F2
_I2C_DO_TX                                      text29       00109E
_I2C_DO_TX_EMPTY                                text33       00134C
_I2C_Initialize                                 text5        00181A
_I2C_MasterClearIrq                             text57       00195E
_I2C_MasterClose                                text56       00195A
_I2C_MasterDisableIrq                           text55       001956
_I2C_MasterEnableRestart                        text52       00194E
_I2C_MasterFsm                                  text17       0014AA
_I2C_MasterGetRxData                            text38       00193A
_I2C_MasterIsNack                               text35       00182E
_I2C_MasterOpen                                 text13       0017AC
_I2C_MasterOperation                            text14       001576
_I2C_MasterSendAck                              text37       00191A
_I2C_MasterSendNack                             text39       001920
_I2C_MasterSendTxData                           text36       001912
_I2C_MasterSetIrq                               text34       001936
_I2C_MasterStart                                text53       001952
_I2C_MasterStartRx                              text40       00193E
_I2C_MasterStop                                 text51       00194A
_I2C_MasterWaitForEvent                         text16       001854
_I2C_Open                                       text12       0012BE
_I2C_Poller                                     text15       0017CE
_I2C_SetBuffer                                  text50       001788
_I2C_SetCallback                                text49       001510
_I2C_SetDataCompleteCallback                    text48       0017EC
_I2C_Status                                     bssBANK0     00009E
_INTCON2bits                                    (abs)        000FF1
_INTCONbits                                     (abs)        000FF2
_INTERRUPT_Initialize                           text4        001932
_INTERRUPT_InterruptManager                     intcode      000008
_LATA                                           (abs)        000F89
_LATB                                           (abs)        000F8A
_LATC                                           (abs)        000F8B
_OSCCON                                         (abs)        000FD3
_OSCCON2                                        (abs)        000FD2
_OSCILLATOR_Initialize                          text3        001842
_OSCTUNE                                        (abs)        000F9B
_PIE1bits                                       (abs)        000F9D
_PIN_MANAGER_Initialize                         text2        001714
_PIR1bits                                       (abs)        000F9E
_PIR2bits                                       (abs)        000FA1
_RCONbits                                       (abs)        000FD0
_RCREG1                                         (abs)        000FAE
_RCSTA1                                         (abs)        000FAB
_RCSTA1bits                                     (abs)        000FAB
_REFOCON                                        (abs)        000F9A
_SPBRG1                                         (abs)        000FAF
_SPBRGH1                                        (abs)        000F7D
_SSPADD                                         (abs)        000FC8
_SSPBUF                                         (abs)        000FC9
_SSPCON1                                        (abs)        000FC6
_SSPCON1bits                                    (abs)        000FC6
_SSPCON2                                        (abs)        000FC5
_SSPCON2bits                                    (abs)        000FC5
_SSPSTAT                                        (abs)        000FC7
_SSPSTATbits                                    (abs)        000FC7
_SYSTEM_Initialize                              text1        001804
_TRISA                                          (abs)        000F92
_TRISB                                          (abs)        000F93
_TRISC                                          (abs)        000F94
_TXREG1                                         (abs)        000FAD
_TXSTA1                                         (abs)        000FAC
_TXSTA1bits                                     (abs)        000FAC
_WPUB                                           (abs)        000F5B
__HRAM                                          (abs)        000000
__H__absolute__                                 __absolute__ 000000
__Habs1                                         abs1         000000
__Hbank0                                        bank0        000000
__Hbank1                                        bank1        000000
__Hbank10                                       bank10       000000
__Hbank11                                       bank11       000000
__Hbank12                                       bank12       000000
__Hbank13                                       bank13       000000
__Hbank14                                       bank14       000000
__Hbank2                                        bank2        000000
__Hbank3                                        bank3        000000
__Hbank4                                        bank4        000000
__Hbank5                                        bank5        000000
__Hbank6                                        bank6        000000
__Hbank7                                        bank7        000000
__Hbank8                                        bank8        000000
__Hbank9                                        bank9        000000
__Hbigbss                                       bigbss       000000
__Hbigdata                                      bigdata      000000
__Hbigram                                       bigram       000000
__Hbigsfr                                       bigsfr       000000
__Hbss                                          bss          000000
__HbssBANK0                                     bssBANK0     000000
__HbssCOMRAM                                    bssCOMRAM    000000
__Hcinit                                        cinit        000000
__Hclrtext                                      clrtext      000000
__Hcomram                                       comram       000000
__Hconfig                                       config       30000E
__Hconst                                        const        000000
__HcstackBANK0                                  cstackBANK0  000000
__HcstackCOMRAM                                 cstackCOMRAM 000000
__Hdata                                         data         000000
__Heeprom_data                                  eeprom_data  000000
__Hfarbss                                       farbss       000000
__Hfardata                                      fardata      000000
__Hheap                                         heap         000000
__Hibigdata                                     ibigdata     000000
__Hidata                                        idata        000000
__Hidloc                                        idloc        000000
__Hifardata                                     ifardata     000000
__Hinit                                         init         0000B6
__Hintcode                                      intcode      0000B2
__Hintcode_body                                 intcode_body 000000
__Hintcodelo                                    intcodelo    0000B2
__Hintentry                                     intentry     000000
__Hintret                                       intret       000000
__Hintsave_regs                                 intsave_regs 000000
__Hirdata                                       irdata       000000
__Hmediumconst                                  mediumconst  000000
__HnvBANK0                                      nvBANK0      000000
__HnvCOMRAM                                     nvCOMRAM     000000
__HnvFARRAM                                     nvFARRAM     000000
__Hnvbit                                        nvbit        000000
__Hnvrram                                       nvrram       000000
__Hparam                                        rparam       000000
__Hpowerup                                      powerup      0000B2
__Hram                                          ram          000000
__Hramtop                                       ramtop       000F00
__Hrbit                                         rbit         000000
__Hrbss                                         rbss         000000
__Hrdata                                        rdata        000000
__Hreset_vec                                    reset_vec    000004
__Hrparam                                       rparam       000000
__Hsfr                                          sfr          000000
__Hsmallconst                                   smallconst   000F22
__Hspace_0                                      (abs)        001964
__Hspace_1                                      (abs)        0000E2
__Hspace_2                                      (abs)        000000
__Hspace_4                                      (abs)        60000E
__Hstack                                        stack        000000
__Hstruct                                       struct       000000
__Htemp                                         temp         000022
__Htext                                         text         000000
__Htext0                                        text0        000000
__Htext1                                        text1        000000
__Htext10                                       text10       000000
__Htext11                                       text11       000000
__Htext12                                       text12       000000
__Htext13                                       text13       000000
__Htext14                                       text14       000000
__Htext15                                       text15       000000
__Htext16                                       text16       000000
__Htext17                                       text17       000000
__Htext18                                       text18       000000
__Htext19                                       text19       000000
__Htext2                                        text2        000000
__Htext20                                       text20       000000
__Htext21                                       text21       000000
__Htext22                                       text22       000000
__Htext23                                       text23       000000
__Htext24                                       text24       000000
__Htext25                                       text25       000000
__Htext26                                       text26       000000
__Htext27                                       text27       000000
__Htext28                                       text28       000000
__Htext29                                       text29       000000
__Htext3                                        text3        000000
__Htext30                                       text30       000000
__Htext31                                       text31       000000
__Htext32                                       text32       000000
__Htext33                                       text33       000000
__Htext34                                       text34       000000
__Htext35                                       text35       000000
__Htext36                                       text36       000000
__Htext37                                       text37       000000
__Htext38                                       text38       000000
__Htext39                                       text39       000000
__Htext4                                        text4        000000
__Htext40                                       text40       000000
__Htext41                                       text41       000000
__Htext42                                       text42       000000
__Htext43                                       text43       000000
__Htext44                                       text44       000000
__Htext45                                       text45       000000
__Htext46                                       text46       000000
__Htext47                                       text47       000000
__Htext48                                       text48       000000
__Htext49                                       text49       000000
__Htext5                                        text5        000000
__Htext50                                       text50       000000
__Htext51                                       text51       000000
__Htext52                                       text52       000000
__Htext53                                       text53       000000
__Htext54                                       text54       000000
__Htext55                                       text55       000000
__Htext56                                       text56       000000
__Htext57                                       text57       000000
__Htext59                                       text59       000000
__Htext6                                        text6        000000
__Htext60                                       text60       000000
__Htext61                                       text61       000000
__Htext62                                       text62       000000
__Htext63                                       text63       000000
__Htext64                                       text64       000000
__Htext65                                       text65       000000
__Htext7                                        text7        000000
__Htext8                                        text8        000000
__Htext9                                        text9        000000
__LRAM                                          (abs)        000001
__L__absolute__                                 __absolute__ 000000
__Labs1                                         abs1         000000
__Lbank0                                        bank0        000000
__Lbank1                                        bank1        000000
__Lbank10                                       bank10       000000
__Lbank11                                       bank11       000000
__Lbank12                                       bank12       000000
__Lbank13                                       bank13       000000
__Lbank14                                       bank14       000000
__Lbank2                                        bank2        000000
__Lbank3                                        bank3        000000
__Lbank4                                        bank4        000000
__Lbank5                                        bank5        000000
__Lbank6                                        bank6        000000
__Lbank7                                        bank7        000000
__Lbank8                                        bank8        000000
__Lbank9                                        bank9        000000
__Lbigbss                                       bigbss       000000
__Lbigdata                                      bigdata      000000
__Lbigram                                       bigram       000000
__Lbigsfr                                       bigsfr       000000
__Lbss                                          bss          000000
__LbssBANK0                                     bssBANK0     000000
__LbssCOMRAM                                    bssCOMRAM    000000
__Lcinit                                        cinit        000000
__Lclrtext                                      clrtext      000000
__Lcomram                                       comram       000000
__Lconfig                                       config       000000
__Lconst                                        const        000000
__LcstackBANK0                                  cstackBANK0  000000
__LcstackCOMRAM                                 cstackCOMRAM 000000
__Ldata                                         data         000000
__Leeprom_data                                  eeprom_data  000000
__Lfarbss                                       farbss       000000
__Lfardata                                      fardata      000000
__Lheap                                         heap         000000
__Libigdata                                     ibigdata     000000
__Lidata                                        idata        000000
__Lidloc                                        idloc        000000
__Lifardata                                     ifardata     000000
__Linit                                         init         0000B2
__Lintcode                                      intcode      000008
__Lintcode_body                                 intcode_body 000000
__Lintcodelo                                    intcodelo    0000B2
__Lintentry                                     intentry     000000
__Lintret                                       intret       000000
__Lintsave_regs                                 intsave_regs 000000
__Lirdata                                       irdata       000000
__Lmediumconst                                  mediumconst  000000
__LnvBANK0                                      nvBANK0      000000
__LnvCOMRAM                                     nvCOMRAM     000000
__LnvFARRAM                                     nvFARRAM     000000
__Lnvbit                                        nvbit        000000
__Lnvrram                                       nvrram       000000
__Lparam                                        rparam       000000
__Lpowerup                                      powerup      0000B2
__Lram                                          ram          000000
__Lramtop                                       ramtop       000F00
__Lrbit                                         rbit         000000
__Lrbss                                         rbss         000000
__Lrdata                                        rdata        000000
__Lreset_vec                                    reset_vec    000000
__Lrparam                                       rparam       000000
__Lsfr                                          sfr          000000
__Lsmallconst                                   smallconst   000F00
__Lspace_0                                      (abs)        000000
__Lspace_1                                      (abs)        000000
__Lspace_2                                      (abs)        000000
__Lspace_4                                      (abs)        000000
__Lstack                                        stack        000000
__Lstruct                                       struct       000000
__Ltemp                                         temp         000021
__Ltext                                         text         000000
__Ltext0                                        text0        000000
__Ltext1                                        text1        000000
__Ltext10                                       text10       000000
__Ltext11                                       text11       000000
__Ltext12                                       text12       000000
__Ltext13                                       text13       000000
__Ltext14                                       text14       000000
__Ltext15                                       text15       000000
__Ltext16                                       text16       000000
__Ltext17                                       text17       000000
__Ltext18                                       text18       000000
__Ltext19                                       text19       000000
__Ltext2                                        text2        000000
__Ltext20                                       text20       000000
__Ltext21                                       text21       000000
__Ltext22                                       text22       000000
__Ltext23                                       text23       000000
__Ltext24                                       text24       000000
__Ltext25                                       text25       000000
__Ltext26                                       text26       000000
__Ltext27                                       text27       000000
__Ltext28                                       text28       000000
__Ltext29                                       text29       000000
__Ltext3                                        text3        000000
__Ltext30                                       text30       000000
__Ltext31                                       text31       000000
__Ltext32                                       text32       000000
__Ltext33                                       text33       000000
__Ltext34                                       text34       000000
__Ltext35                                       text35       000000
__Ltext36                                       text36       000000
__Ltext37                                       text37       000000
__Ltext38                                       text38       000000
__Ltext39                                       text39       000000
__Ltext4                                        text4        000000
__Ltext40                                       text40       000000
__Ltext41                                       text41       000000
__Ltext42                                       text42       000000
__Ltext43                                       text43       000000
__Ltext44                                       text44       000000
__Ltext45                                       text45       000000
__Ltext46                                       text46       000000
__Ltext47                                       text47       000000
__Ltext48                                       text48       000000
__Ltext49                                       text49       000000
__Ltext5                                        text5        000000
__Ltext50                                       text50       000000
__Ltext51                                       text51       000000
__Ltext52                                       text52       000000
__Ltext53                                       text53       000000
__Ltext54                                       text54       000000
__Ltext55                                       text55       000000
__Ltext56                                       text56       000000
__Ltext57                                       text57       000000
__Ltext59                                       text59       000000
__Ltext6                                        text6        000000
__Ltext60                                       text60       000000
__Ltext61                                       text61       000000
__Ltext62                                       text62       000000
__Ltext63                                       text63       000000
__Ltext64                                       text64       000000
__Ltext65                                       text65       000000
__Ltext7                                        text7        000000
__Ltext8                                        text8        000000
__Ltext9                                        text9        000000
__S0                                            (abs)        001964
__S1                                            (abs)        0000E2
__S4                                            (abs)        000000
__S5                                            (abs)        000000
___heap_hi                                      (abs)        000000
___heap_lo                                      (abs)        000000
___inthi_sp                                     stack        000000
___inthi_stack_hi                               stack        000000
___inthi_stack_lo                               stack        000000
___intlo_sp                                     stack        000000
___intlo_stack_hi                               stack        000000
___intlo_stack_lo                               stack        000000
___param_bank                                   (abs)        000000
___rparam_used                                  (abs)        000001
___sp                                           stack        000000
___stack_hi                                     stack        000000
___stack_lo                                     stack        000000
__accesstop                                     (abs)        000060
__activetblptr                                  (abs)        000002
__end_of_EUSART1_DefaultErrorHandler            text63       001932
__end_of_EUSART1_DefaultFramingErrorHandler     text62       001964
__end_of_EUSART1_DefaultOverrunErrorHandler     text61       00192C
__end_of_EUSART1_Initialize                     text6        00143E
__end_of_EUSART1_Receive_ISR                    text60       001216
__end_of_EUSART1_RxDataHandler                  text64       001788
__end_of_EUSART1_SetErrorHandler                text11       0018DA
__end_of_EUSART1_SetFramingErrorHandler         text10       0018D0
__end_of_EUSART1_SetOverrunErrorHandler         text9        0018C6
__end_of_EUSART1_SetRxInterruptHandler          text8        0018BC
__end_of_EUSART1_SetTxInterruptHandler          text7        0018B2
__end_of_EUSART1_Transmit_ISR                   text59       001638
__end_of_I2C_CallbackReturnReset                text41       001946
__end_of_I2C_CallbackReturnStop                 text42       00194A
__end_of_I2C_Close                              text54       001714
__end_of_I2C_DO_ADDRESS_NACK                    text18       0014AA
__end_of_I2C_DO_IDLE                            text32       0018A8
__end_of_I2C_DO_RCEN                            text27       00189C
__end_of_I2C_DO_RESET                           text19       001890
__end_of_I2C_DO_RX                              text28       0012BE
__end_of_I2C_DO_RX_ACK                          text22       0018F2
__end_of_I2C_DO_RX_NACK_RESTART                 text20       0018E2
__end_of_I2C_DO_RX_NACK_STOP                    text21       0018EA
__end_of_I2C_DO_SEND_ADR_READ                   text31       001884
__end_of_I2C_DO_SEND_ADR_WRITE                  text30       001874
__end_of_I2C_DO_SEND_RESTART                    text24       001902
__end_of_I2C_DO_SEND_RESTART_READ               text26       001912
__end_of_I2C_DO_SEND_RESTART_WRITE              text25       00190A
__end_of_I2C_DO_SEND_STOP                       text23       0018FA
__end_of_I2C_DO_TX                              text29       001166
__end_of_I2C_DO_TX_EMPTY                        text33       0013CA
__end_of_I2C_Initialize                         text5        00182E
__end_of_I2C_MasterClearIrq                     text57       001962
__end_of_I2C_MasterClose                        text56       00195E
__end_of_I2C_MasterDisableIrq                   text55       00195A
__end_of_I2C_MasterEnableRestart                text52       001952
__end_of_I2C_MasterFsm                          text17       001510
__end_of_I2C_MasterGetRxData                    text38       00193E
__end_of_I2C_MasterIsNack                       text35       001842
__end_of_I2C_MasterOpen                         text13       0017CE
__end_of_I2C_MasterOperation                    text14       0015BA
__end_of_I2C_MasterSendAck                      text37       001920
__end_of_I2C_MasterSendNack                     text39       001926
__end_of_I2C_MasterSendTxData                   text36       00191A
__end_of_I2C_MasterSetIrq                       text34       00193A
__end_of_I2C_MasterStart                        text53       001956
__end_of_I2C_MasterStartRx                      text40       001942
__end_of_I2C_MasterStop                         text51       00194E
__end_of_I2C_MasterWaitForEvent                 text16       001864
__end_of_I2C_Open                               text12       00134C
__end_of_I2C_Poller                             text15       0017EC
__end_of_I2C_SetBuffer                          text50       0017AC
__end_of_I2C_SetCallback                        text49       001576
__end_of_I2C_SetDataCompleteCallback            text48       001804
__end_of_INTERRUPT_Initialize                   text4        001936
__end_of_INTERRUPT_InterruptManager             intcode      0000B2
__end_of_OSCILLATOR_Initialize                  text3        001854
__end_of_PIN_MANAGER_Initialize                 text2        00173C
__end_of_SYSTEM_Initialize                      text1        00181A
__end_of__initialization                        cinit        001754
__end_of_i2c_fsmStateTable                      smallconst   000F21
__end_of_main                                   text0        00109E
__end_of_rd1RegCompleteHandler                  text46       0016BC
__end_of_rd2RegCompleteHandler                  text45       001690
__end_of_rdBlkRegCompleteHandler                text43       0015FC
__end_of_wr1RegCompleteHandler                  text44       001664
__end_of_wr2RegCompleteHandler                  text47       0016E8
__initialization                                cinit        00173C
__mediumconst                                   mediumconst  000000
__pbssBANK0                                     bssBANK0     00009E
__pbssCOMRAM                                    bssCOMRAM    000018
__pcinit                                        cinit        00173C
__pcstackBANK0                                  cstackBANK0  000060
__pcstackCOMRAM                                 cstackCOMRAM 000001
__pintcode                                      intcode      000008
__pnvBANK0                                      nvBANK0      0000DA
__pnvCOMRAM                                     nvCOMRAM     00001F
__psmallconst                                   smallconst   000F00
__ptext0                                        text0        000F22
__ptext1                                        text1        001804
__ptext10                                       text10       0018C6
__ptext11                                       text11       0018D0
__ptext12                                       text12       0012BE
__ptext13                                       text13       0017AC
__ptext14                                       text14       001576
__ptext15                                       text15       0017CE
__ptext16                                       text16       001854
__ptext17                                       text17       0014AA
__ptext18                                       text18       00143E
__ptext19                                       text19       001884
__ptext2                                        text2        001714
__ptext20                                       text20       0018DA
__ptext21                                       text21       0018E2
__ptext22                                       text22       0018EA
__ptext23                                       text23       0018F2
__ptext24                                       text24       0018FA
__ptext25                                       text25       001902
__ptext26                                       text26       00190A
__ptext27                                       text27       001890
__ptext28                                       text28       001216
__ptext29                                       text29       00109E
__ptext3                                        text3        001842
__ptext30                                       text30       001864
__ptext31                                       text31       001874
__ptext32                                       text32       00189C
__ptext33                                       text33       00134C
__ptext34                                       text34       001936
__ptext35                                       text35       00182E
__ptext36                                       text36       001912
__ptext37                                       text37       00191A
__ptext38                                       text38       00193A
__ptext39                                       text39       001920
__ptext4                                        text4        001932
__ptext40                                       text40       00193E
__ptext41                                       text41       001942
__ptext42                                       text42       001946
__ptext43                                       text43       0015BA
__ptext44                                       text44       001638
__ptext45                                       text45       001664
__ptext46                                       text46       001690
__ptext47                                       text47       0016BC
__ptext48                                       text48       0017EC
__ptext49                                       text49       001510
__ptext5                                        text5        00181A
__ptext50                                       text50       001788
__ptext51                                       text51       00194A
__ptext52                                       text52       00194E
__ptext53                                       text53       001952
__ptext54                                       text54       0016E8
__ptext55                                       text55       001956
__ptext56                                       text56       00195A
__ptext57                                       text57       00195E
__ptext59                                       text59       0015FC
__ptext6                                        text6        0013CA
__ptext60                                       text60       001166
__ptext61                                       text61       001926
__ptext62                                       text62       001962
__ptext63                                       text63       00192C
__ptext64                                       text64       001762
__ptext65                                       text65       000000
__ptext7                                        text7        0018A8
__ptext8                                        text8        0018B2
__ptext9                                        text9        0018BC
__ramtop                                        ramtop       000F00
__smallconst                                    smallconst   000F00
_eusart1RxBuffer                                bssBANK0     0000CA
_eusart1RxCount                                 bssCOMRAM    000019
_eusart1RxHead                                  bssCOMRAM    00001B
_eusart1RxLastError                             bssCOMRAM    000018
_eusart1RxStatusBuffer                          bssBANK0     0000C2
_eusart1RxTail                                  bssCOMRAM    00001A
_eusart1TxBuffer                                bssBANK0     0000D2
_eusart1TxBufferRemaining                       bssCOMRAM    00001C
_eusart1TxHead                                  bssCOMRAM    00001E
_eusart1TxTail                                  bssCOMRAM    00001D
_i2c_fsmStateTable                              smallconst   000F01
_main                                           text0        000F22
_rd1RegCompleteHandler                          text46       001690
_rd2RegCompleteHandler                          text45       001664
_rdBlkRegCompleteHandler                        text43       0015BA
_wr1RegCompleteHandler                          text44       001638
_wr2RegCompleteHandler                          text47       0016BC
btemp                                           temp         000021
end_of_initialization                           cinit        001754
int$flags                                       temp         000021
intlevel0                                       text         000000
intlevel1                                       text         000000
intlevel2                                       text         000000
intlevel3                                       text         000000
isa$std                                         (abs)        000001
isa$xinst                                       (abs)        000000
main@Addr2                                      cstackBANK0  000060
main@addr                                       cstackBANK0  000088
main@i                                          cstackBANK0  00009C
main@message                                    cstackBANK0  000074
rd1RegCompleteHandler@ptr                       cstackCOMRAM 00000E
rd2RegCompleteHandler@ptr                       cstackCOMRAM 00000E
rdBlkRegCompleteHandler@ptr                     cstackCOMRAM 00000E
stackhi                                         (abs)        000000
stacklo                                         (abs)        000000
start                                           init         0000B2
start_initialization                            cinit        00173C
ttemp5                                          temp         000022
ttemp6                                          temp         000025
ttemp7                                          temp         000029
wr1RegCompleteHandler@ptr                       cstackCOMRAM 00000E
wr2RegCompleteHandler@ptr                       cstackCOMRAM 00000E
wtemp8                                          temp         000022


MODULE INFORMATION

Module		Function		Class		Link	Load	Size
mcc_generated_files/interrupt_manager.c
		_INTERRUPT_Initialize		CODE           	1932	0000	4
		_INTERRUPT_InterruptManager		CODE           	0008	0000	170

mcc_generated_files/interrupt_manager.c estimated size: 174

mcc_generated_files/examples/i2c_master_example.c
		_wr1RegCompleteHandler		CODE           	1638	0000	44
		_wr2RegCompleteHandler		CODE           	16BC	0000	44
		_rdBlkRegCompleteHandler		CODE           	15BA	0000	66
		_rd1RegCompleteHandler		CODE           	1690	0000	44
		_rd2RegCompleteHandler		CODE           	1664	0000	44

mcc_generated_files/examples/i2c_master_example.c estimated size: 242

mcc_generated_files/pin_manager.c
		_PIN_MANAGER_Initialize		CODE           	1714	0000	40

mcc_generated_files/pin_manager.c estimated size: 40

shared
		__initialization		CODE           	173C	0000	24
		_i2c_fsmStateTable		SMALLCONST     	0F01	0000	32

shared estimated size: 56

mcc_generated_files/eusart1.c
		_EUSART1_SetRxInterruptHandler		CODE           	18B2	0000	10
		_EUSART1_SetTxInterruptHandler		CODE           	18A8	0000	10
		_EUSART1_Initialize		CODE           	13CA	0000	116
		_EUSART1_DefaultErrorHandler		CODE           	192C	0000	6
		_EUSART1_SetFramingErrorHandler		CODE           	18C6	0000	10
		_EUSART1_SetOverrunErrorHandler		CODE           	18BC	0000	10
		_EUSART1_SetErrorHandler		CODE           	18D0	0000	10
		_EUSART1_Receive_ISR		CODE           	1166	0000	176
		_EUSART1_RxDataHandler		CODE           	1762	0000	38
		_EUSART1_DefaultOverrunErrorHandler		CODE           	1926	0000	6
		_EUSART1_Transmit_ISR		CODE           	15FC	0000	60
		_EUSART1_DefaultFramingErrorHandler		CODE           	1962	0000	2

mcc_generated_files/eusart1.c estimated size: 454

mcc_generated_files/mcc.c
		_OSCILLATOR_Initialize		CODE           	1842	0000	18
		_SYSTEM_Initialize		CODE           	1804	0000	22

mcc_generated_files/mcc.c estimated size: 40

mcc_generated_files/i2c_master.c
		_I2C_Close     		CODE           	16E8	0000	44
		_I2C_MasterStartRx		CODE           	193E	0000	4
		_I2C_DO_SEND_ADR_WRITE		CODE           	1864	0000	16
		_I2C_MasterWaitForEvent		CODE           	1854	0000	16
		_I2C_DO_SEND_STOP		CODE           	18F2	0000	8
		_I2C_MasterSendNack		CODE           	1920	0000	6
		_I2C_MasterDisableIrq		CODE           	1956	0000	4
		_I2C_CallbackReturnStop		CODE           	1946	0000	4
		_I2C_MasterOperation		CODE           	1576	0000	68
		_I2C_DO_SEND_ADR_READ		CODE           	1874	0000	16
		_I2C_DO_RX_NACK_STOP		CODE           	18E2	0000	8
		_I2C_DO_SEND_RESTART		CODE           	18FA	0000	8
		_I2C_DO_RX     		CODE           	1216	0000	168
		_I2C_DO_TX     		CODE           	109E	0000	200
		_I2C_DO_IDLE   		CODE           	189C	0000	12
		_I2C_DO_RCEN   		CODE           	1890	0000	12
		_I2C_Poller    		CODE           	17CE	0000	30
		_I2C_DO_RESET  		CODE           	1884	0000	12
		_I2C_MasterClose		CODE           	195A	0000	4
		_I2C_DO_RX_ACK 		CODE           	18EA	0000	8
		_I2C_MasterStart		CODE           	1952	0000	4
		_I2C_MasterClearIrq		CODE           	195E	0000	4
		_I2C_MasterGetRxData		CODE           	193A	0000	4
		_I2C_SetCallback		CODE           	1510	0000	102
		_I2C_DO_ADDRESS_NACK		CODE           	143E	0000	108
		_I2C_MasterEnableRestart		CODE           	194E	0000	4
		_I2C_CallbackReturnReset		CODE           	1942	0000	4
		_I2C_Open      		CODE           	12BE	0000	142
		_I2C_DO_TX_EMPTY		CODE           	134C	0000	126
		_I2C_DO_SEND_RESTART_WRITE		CODE           	1902	0000	8
		_I2C_MasterIsNack		CODE           	182E	0000	20
		_I2C_SetDataCompleteCallback		CODE           	17EC	0000	24
		_I2C_DO_RX_NACK_RESTART		CODE           	18DA	0000	8
		_I2C_MasterSendAck		CODE           	191A	0000	6
		_I2C_MasterFsm 		CODE           	14AA	0000	102
		_I2C_MasterSetIrq		CODE           	1936	0000	4
		_I2C_DO_SEND_RESTART_READ		CODE           	190A	0000	8
		_I2C_Initialize		CODE           	181A	0000	20
		_I2C_SetBuffer 		CODE           	1788	0000	36
		_I2C_MasterOpen		CODE           	17AC	0000	34
		_I2C_MasterSendTxData		CODE           	1912	0000	8
		_I2C_MasterStop		CODE           	194A	0000	4

mcc_generated_files/i2c_master.c estimated size: 1428

main.c
		_main          		CODE           	0F22	0000	380

main.c estimated size: 380

